2026-07-09T01:47:11.204543+00:00 INFO 'ansible_navigator.setup_logger' New ansible-navigator instance, logging initialized
2026-07-09T01:47:11.204753+00:00 INFO 'ansible_navigator.setup_logger' New ansible-runner instance, logging initialized
2026-07-09T01:47:11.204791+00:00 DEBUG 'ansible_navigator.main' Brlapi==0.8.5 
2026-07-09T01:47:11.204810+00:00 DEBUG 'ansible_navigator.main' MarkupSafe==2.1.5 
2026-07-09T01:47:11.204823+00:00 DEBUG 'ansible_navigator.main' Parsley==1.3 
2026-07-09T01:47:11.204836+00:00 DEBUG 'ansible_navigator.main' PyYAML==6.0.1 
2026-07-09T01:47:11.204845+00:00 DEBUG 'ansible_navigator.main' ansible-builder==3.1.1 
2026-07-09T01:47:11.204854+00:00 DEBUG 'ansible_navigator.main' ansible-compat==26.3.0 
2026-07-09T01:47:11.204862+00:00 DEBUG 'ansible_navigator.main' ansible-core==2.16.18 
2026-07-09T01:47:11.204870+00:00 DEBUG 'ansible_navigator.main' ansible-lint==26.4.0 
2026-07-09T01:47:11.204878+00:00 DEBUG 'ansible_navigator.main' ansible-navigator==26.4.0 
2026-07-09T01:47:11.204886+00:00 DEBUG 'ansible_navigator.main' ansible-runner==2.4.2 
2026-07-09T01:47:11.204894+00:00 DEBUG 'ansible_navigator.main' bindep==2.13.0 /usr/lib/python3.12/site-packages/bindep/__init__.py
2026-07-09T01:47:11.204902+00:00 DEBUG 'ansible_navigator.main' cffi==1.16.0 /usr/lib64/python3.12/site-packages/cffi/__init__.py
2026-07-09T01:47:11.204910+00:00 DEBUG 'ansible_navigator.main' charset-normalizer==3.3.2 
2026-07-09T01:47:11.204918+00:00 DEBUG 'ansible_navigator.main' cockpit==334.1 /usr/lib/python3.12/site-packages/cockpit/__init__.py
2026-07-09T01:47:11.204937+00:00 DEBUG 'ansible_navigator.main' cupshelpers==1.0 /usr/lib/python3.12/site-packages/cupshelpers/__init__.py
2026-07-09T01:47:11.204950+00:00 DEBUG 'ansible_navigator.main' dasbus==1.7 /usr/lib/python3.12/site-packages/dasbus/__init__.py
2026-07-09T01:47:11.204958+00:00 DEBUG 'ansible_navigator.main' dbus-python==1.3.2 
2026-07-09T01:47:11.204967+00:00 DEBUG 'ansible_navigator.main' decorator==5.1.1 /usr/lib/python3.12/site-packages/decorator.py
2026-07-09T01:47:11.204975+00:00 DEBUG 'ansible_navigator.main' distro==1.9.0 /usr/lib/python3.12/site-packages/distro/__init__.py
2026-07-09T01:47:11.204982+00:00 DEBUG 'ansible_navigator.main' file-magic==0.4.0 
2026-07-09T01:47:11.204990+00:00 DEBUG 'ansible_navigator.main' iniparse==0.5 /usr/lib/python3.12/site-packages/iniparse/__init__.py
2026-07-09T01:47:11.204998+00:00 DEBUG 'ansible_navigator.main' libcomps==0.1.21 /usr/lib64/python3.12/site-packages/libcomps/__init__.py
2026-07-09T01:47:11.205006+00:00 DEBUG 'ansible_navigator.main' lockfile==0.12.2 /usr/lib/python3.12/site-packages/lockfile/__init__.py
2026-07-09T01:47:11.205013+00:00 DEBUG 'ansible_navigator.main' louis==3.28.0 /usr/lib/python3.12/site-packages/louis/__init__.py
2026-07-09T01:47:11.205037+00:00 DEBUG 'ansible_navigator.main' lxml==5.2.1 /usr/lib64/python3.12/site-packages/lxml/__init__.py
2026-07-09T01:47:11.205053+00:00 DEBUG 'ansible_navigator.main' mypy_extensions==1.0.0 /usr/lib/python3.12/site-packages/mypy_extensions.py
2026-07-09T01:47:11.205062+00:00 DEBUG 'ansible_navigator.main' nftables==0.1 /usr/lib/python3.12/site-packages/nftables/__init__.py
2026-07-09T01:47:11.205070+00:00 DEBUG 'ansible_navigator.main' onigurumacffi==1.3.0 /usr/lib64/python3.12/site-packages/onigurumacffi.py
2026-07-09T01:47:11.205077+00:00 DEBUG 'ansible_navigator.main' pbr==6.0.0 /usr/lib/python3.12/site-packages/pbr/__init__.py
2026-07-09T01:47:11.205085+00:00 DEBUG 'ansible_navigator.main' perf==0.1 /usr/lib64/python3.12/site-packages/perf.cpython-312-x86_64-linux-gnu.so
2026-07-09T01:47:11.205093+00:00 DEBUG 'ansible_navigator.main' pexpect==4.9.0 /usr/lib/python3.12/site-packages/pexpect/__init__.py
2026-07-09T01:47:11.205101+00:00 DEBUG 'ansible_navigator.main' ply==3.11 /usr/lib/python3.12/site-packages/ply/__init__.py
2026-07-09T01:47:11.205108+00:00 DEBUG 'ansible_navigator.main' pycairo==1.25.1 
2026-07-09T01:47:11.205120+00:00 DEBUG 'ansible_navigator.main' pycparser==2.20 /usr/lib/python3.12/site-packages/pycparser/__init__.py
2026-07-09T01:47:11.205128+00:00 DEBUG 'ansible_navigator.main' pycups==2.0.1 
2026-07-09T01:47:11.205140+00:00 DEBUG 'ansible_navigator.main' pyinotify==0.9.6 /usr/lib/python3.12/site-packages/pyinotify.py
2026-07-09T01:47:11.205148+00:00 DEBUG 'ansible_navigator.main' python-daemon==3.1.2 
2026-07-09T01:47:11.205155+00:00 DEBUG 'ansible_navigator.main' python-dateutil==2.8.2 
2026-07-09T01:47:11.205163+00:00 DEBUG 'ansible_navigator.main' python-linux-procfs==0.7.3 
2026-07-09T01:47:11.205171+00:00 DEBUG 'ansible_navigator.main' python-pam==2.0.2 
2026-07-09T01:47:11.205178+00:00 DEBUG 'ansible_navigator.main' pytokens==0.4.1 /usr/lib64/python3.12/site-packages/pytokens/__init__.cpython-312-x86_64-linux-gnu.so
2026-07-09T01:47:11.205187+00:00 DEBUG 'ansible_navigator.main' pyudev==0.24.1 /usr/lib/python3.12/site-packages/pyudev/__init__.py
2026-07-09T01:47:11.205194+00:00 DEBUG 'ansible_navigator.main' pyynl==0.0.1 /usr/lib/python3.12/site-packages/pyynl/__init__.py
2026-07-09T01:47:11.205202+00:00 DEBUG 'ansible_navigator.main' requests==2.32.3 /usr/lib/python3.12/site-packages/requests/__init__.py
2026-07-09T01:47:11.205210+00:00 DEBUG 'ansible_navigator.main' resolvelib==1.0.1 /usr/lib/python3.12/site-packages/resolvelib/__init__.py
2026-07-09T01:47:11.205218+00:00 DEBUG 'ansible_navigator.main' ruamel.yaml.clib==0.2.15 
2026-07-09T01:47:11.205225+00:00 DEBUG 'ansible_navigator.main' ruamel.yaml==0.18.15 /usr/lib/python3.12/site-packages/ruamel/yaml/__init__.py
2026-07-09T01:47:11.205233+00:00 DEBUG 'ansible_navigator.main' selinux==3.8 /usr/lib64/python3.12/site-packages/selinux/__init__.py
2026-07-09T01:47:11.205241+00:00 DEBUG 'ansible_navigator.main' sepolicy==3.8 /usr/lib/python3.12/site-packages/sepolicy/__init__.py
2026-07-09T01:47:11.205249+00:00 DEBUG 'ansible_navigator.main' setools==4.5.1 /usr/lib64/python3.12/site-packages/setools/__init__.py
2026-07-09T01:47:11.205256+00:00 DEBUG 'ansible_navigator.main' setroubleshoot==3.3.33 /usr/lib/python3.12/site-packages/setroubleshoot/__init__.py
2026-07-09T01:47:11.205264+00:00 DEBUG 'ansible_navigator.main' setuptools==69.0.3 /usr/lib/python3.12/site-packages/setuptools/__init__.py
2026-07-09T01:47:11.205273+00:00 DEBUG 'ansible_navigator.main' six==1.16.0 /usr/lib/python3.12/site-packages/six.py
2026-07-09T01:47:11.205282+00:00 DEBUG 'ansible_navigator.main' sos==4.8.2 /usr/lib/python3.12/site-packages/sos/__init__.py
2026-07-09T01:47:11.205290+00:00 DEBUG 'ansible_navigator.main' subprocess-tee==0.4.2 
2026-07-09T01:47:11.205298+00:00 DEBUG 'ansible_navigator.main' subscription-manager==1.30.6 
2026-07-09T01:47:11.205307+00:00 DEBUG 'ansible_navigator.main' systemd-python==235 
2026-07-09T01:47:11.205315+00:00 DEBUG 'ansible_navigator.main' urllib3==1.26.19 /usr/lib/python3.12/site-packages/urllib3/__init__.py
2026-07-09T01:47:11.205323+00:00 DEBUG 'ansible_navigator.main' yamllint==1.38.0 /usr/lib/python3.12/site-packages/yamllint/__init__.py
2026-07-09T01:47:11.205331+00:00 DEBUG 'ansible_navigator.main' Default collection_doc_cache_path set to: /home/ansible/.cache/ansible-navigator/collection_doc_cache.db
2026-07-09T01:47:11.205339+00:00 DEBUG 'ansible_navigator.main' EDITOR environment variable not set
2026-07-09T01:47:11.205347+00:00 DEBUG 'ansible_navigator.main' Default editor_command set to: vi +{line_number} {filename}
2026-07-09T01:47:11.205354+00:00 DEBUG 'ansible_navigator.main' No config file set by ANSIBLE_NAVIGATOR_CONFIG
2026-07-09T01:47:11.205362+00:00 DEBUG 'ansible_navigator.main' Looking in /home/ansible/.ansible-navigator
2026-07-09T01:47:11.205370+00:00 DEBUG 'ansible_navigator.main' Looking for '/home/ansible/.ansible-navigator.yml', '/home/ansible/.ansible-navigator.yaml' and '/home/ansible/.ansible-navigator.json'
2026-07-09T01:47:11.205378+00:00 DEBUG 'ansible_navigator.main' Found 0: 
2026-07-09T01:47:11.205386+00:00 DEBUG 'ansible_navigator.main' Looking in /home/ansible/Documents/rhce/ansible-navigator
2026-07-09T01:47:11.205394+00:00 DEBUG 'ansible_navigator.main' Looking for '/home/ansible/Documents/rhce/ansible-navigator.yml', '/home/ansible/Documents/rhce/ansible-navigator.yaml' and '/home/ansible/Documents/rhce/ansible-navigator.json'
2026-07-09T01:47:11.205404+00:00 DEBUG 'ansible_navigator.main' Found 1: '/home/ansible/Documents/rhce/ansible-navigator.yml'
2026-07-09T01:47:11.205412+00:00 DEBUG 'ansible_navigator.main' All found 1: '/home/ansible/Documents/rhce/ansible-navigator.yml'
2026-07-09T01:47:11.205420+00:00 DEBUG 'ansible_navigator.main' Using: /home/ansible/Documents/rhce/ansible-navigator.yml
2026-07-09T01:47:11.205427+00:00 DEBUG 'ansible_navigator.main' Using settings file at /home/ansible/Documents/rhce/ansible-navigator.yml in search path
2026-07-09T01:47:11.205435+00:00 DEBUG 'ansible_navigator.main' Command provided: ''
2026-07-09T01:47:11.205443+00:00 DEBUG 'ansible_navigator.main' ansible-navigator.ansible-runner.artifact-dir not found in settings file
2026-07-09T01:47:11.205451+00:00 DEBUG 'ansible_navigator.main' ansible-navigator.ansible-runner.rotate-artifacts-count not found in settings file
2026-07-09T01:47:11.205458+00:00 DEBUG 'ansible_navigator.main' ansible-navigator.ansible-runner.timeout not found in settings file
2026-07-09T01:47:11.205466+00:00 DEBUG 'ansible_navigator.main' ansible-navigator.ansible-runner.job-events not found in settings file
2026-07-09T01:47:11.205474+00:00 DEBUG 'ansible_navigator.main' ansible-navigator.app not found in settings file
2026-07-09T01:47:11.205482+00:00 DEBUG 'ansible_navigator.main' ansible-navigator.ansible.cmdline not found in settings file
2026-07-09T01:47:11.205489+00:00 DEBUG 'ansible_navigator.main' ansible-navigator.collection-doc-cache-path not found in settings file
2026-07-09T01:47:11.205497+00:00 DEBUG 'ansible_navigator.main' ansible-navigator.ansible.config.path not found in settings file
2026-07-09T01:47:11.205505+00:00 DEBUG 'ansible_navigator.main' ansible-navigator.execution-environment.container-engine not found in settings file
2026-07-09T01:47:11.205512+00:00 DEBUG 'ansible_navigator.main' ansible-navigator.execution-environment.container-options not found in settings file
2026-07-09T01:47:11.205520+00:00 DEBUG 'ansible_navigator.main' ansible-navigator.color.enable not found in settings file
2026-07-09T01:47:11.205528+00:00 DEBUG 'ansible_navigator.main' ansible-navigator.editor.command not found in settings file
2026-07-09T01:47:11.205535+00:00 DEBUG 'ansible_navigator.main' ansible-navigator.editor.console not found in settings file
2026-07-09T01:47:11.205543+00:00 DEBUG 'ansible_navigator.main' ansible-navigator.exec.command not found in settings file
2026-07-09T01:47:11.205552+00:00 DEBUG 'ansible_navigator.main' ansible-navigator.exec.shell not found in settings file
2026-07-09T01:47:11.205560+00:00 DEBUG 'ansible_navigator.main' ansible-navigator.execution-environment.enabled not found in settings file
2026-07-09T01:47:11.205568+00:00 DEBUG 'ansible_navigator.main' ansible-navigator.execution-environment.volume-mounts not found in settings file
2026-07-09T01:47:11.205575+00:00 DEBUG 'ansible_navigator.main' ansible-navigator.format not found in settings file
2026-07-09T01:47:11.205583+00:00 DEBUG 'ansible_navigator.main' ansible-navigator.ansible-builder.help not found in settings file
2026-07-09T01:47:11.205591+00:00 DEBUG 'ansible_navigator.main' ansible-navigator.ansible.config.help not found in settings file
2026-07-09T01:47:11.205598+00:00 DEBUG 'ansible_navigator.main' ansible-navigator.ansible.doc.help not found in settings file
2026-07-09T01:47:11.205606+00:00 DEBUG 'ansible_navigator.main' ansible-navigator.ansible.inventory.help not found in settings file
2026-07-09T01:47:11.205614+00:00 DEBUG 'ansible_navigator.main' ansible-navigator.ansible.playbook.help not found in settings file
2026-07-09T01:47:11.205622+00:00 DEBUG 'ansible_navigator.main' ansible-navigator.images.details not found in settings file
2026-07-09T01:47:11.205629+00:00 DEBUG 'ansible_navigator.main' ansible-navigator.ansible.inventory.entries not found in settings file
2026-07-09T01:47:11.205637+00:00 DEBUG 'ansible_navigator.main' ansible-navigator.inventory-columns not found in settings file
2026-07-09T01:47:11.205646+00:00 DEBUG 'ansible_navigator.main' ansible-navigator.ansible-lint.config not found in settings file
2026-07-09T01:47:11.205654+00:00 DEBUG 'ansible_navigator.main' ansible-navigator.ansible-lint.lintables not found in settings file
2026-07-09T01:47:11.205662+00:00 DEBUG 'ansible_navigator.main' ansible-navigator.logging.file not found in settings file
2026-07-09T01:47:11.205670+00:00 DEBUG 'ansible_navigator.main' ansible-navigator.mode not found in settings file
2026-07-09T01:47:11.205677+00:00 DEBUG 'ansible_navigator.main' ansible-navigator.color.osc4 not found in settings file
2026-07-09T01:47:11.205685+00:00 DEBUG 'ansible_navigator.main' ansible-navigator.execution-environment.environment-variables.pass not found in settings file
2026-07-09T01:47:11.205693+00:00 DEBUG 'ansible_navigator.main' ansible-navigator.ansible.playbook.path not found in settings file
2026-07-09T01:47:11.205701+00:00 DEBUG 'ansible_navigator.main' ansible-navigator.playbook-artifact.enable not found in settings file
2026-07-09T01:47:11.205709+00:00 DEBUG 'ansible_navigator.main' ansible-navigator.playbook-artifact.replay not found in settings file
2026-07-09T01:47:11.205716+00:00 DEBUG 'ansible_navigator.main' ansible-navigator.playbook-artifact.save-as not found in settings file
2026-07-09T01:47:11.205724+00:00 DEBUG 'ansible_navigator.main' ansible-navigator.ansible.doc.plugin.name not found in settings file
2026-07-09T01:47:11.205732+00:00 DEBUG 'ansible_navigator.main' ansible-navigator.ansible.doc.plugin.type not found in settings file
2026-07-09T01:47:11.205739+00:00 DEBUG 'ansible_navigator.main' ansible-navigator.execution-environment.pull.arguments not found in settings file
2026-07-09T01:47:11.205747+00:00 DEBUG 'ansible_navigator.main' ansible-navigator.execution-environment.environment-variables.set not found in settings file
2026-07-09T01:47:11.205755+00:00 DEBUG 'ansible_navigator.main' ansible-navigator.settings.effective not found in settings file
2026-07-09T01:47:11.205763+00:00 DEBUG 'ansible_navigator.main' ansible-navigator.settings.sample not found in settings file
2026-07-09T01:47:11.205771+00:00 DEBUG 'ansible_navigator.main' ansible-navigator.settings.schema not found in settings file
2026-07-09T01:47:11.205778+00:00 DEBUG 'ansible_navigator.main' ansible-navigator.settings.sources not found in settings file
2026-07-09T01:47:11.205786+00:00 DEBUG 'ansible_navigator.main' ansible-navigator.time-zone not found in settings file
2026-07-09T01:47:11.205794+00:00 DEBUG 'ansible_navigator.main' ansible-navigator.ansible-builder.workdir not found in settings file
2026-07-09T01:47:11.205802+00:00 DEBUG 'ansible_navigator.main' EE support enabled: using current working directory for 'ansible.cfg'
2026-07-09T01:47:11.205810+00:00 INFO 'ansible_navigator.main' EE support enabled: found 'ansible.cfg' in current working directory.
2026-07-09T01:47:11.205818+00:00 DEBUG 'ansible_navigator.main' Completed post processing for ansible_runner_artifact_dir. (changed=False)
2026-07-09T01:47:11.205826+00:00 DEBUG 'ansible_navigator.main' Completed post processing for ansible_runner_rotate_artifacts_count. (changed=False)
2026-07-09T01:47:11.205833+00:00 DEBUG 'ansible_navigator.main' Completed post processing for ansible_runner_timeout. (changed=False)
2026-07-09T01:47:11.205841+00:00 DEBUG 'ansible_navigator.main' Completed post processing for cmdline. (changed=False)
2026-07-09T01:47:11.205849+00:00 DEBUG 'ansible_navigator.main' Completed post processing for collection_doc_cache_path. (changed=False)
2026-07-09T01:47:11.205856+00:00 DEBUG 'ansible_navigator.main' Completed post processing for config. (changed=False)
2026-07-09T01:47:11.205864+00:00 DEBUG 'ansible_navigator.main' Completed post processing for config. (changed=False)
2026-07-09T01:47:11.205872+00:00 DEBUG 'ansible_navigator.main' Completed post processing for container_engine. (changed=True)
2026-07-09T01:47:11.205879+00:00 DEBUG 'ansible_navigator.main'  before: 'auto'
2026-07-09T01:47:11.205887+00:00 DEBUG 'ansible_navigator.main'  after: 'podman'
2026-07-09T01:47:11.205896+00:00 DEBUG 'ansible_navigator.main' Completed post processing for container_options. (changed=False)
2026-07-09T01:47:11.205903+00:00 DEBUG 'ansible_navigator.main' Completed post processing for display_color. (changed=False)
2026-07-09T01:47:11.205911+00:00 DEBUG 'ansible_navigator.main' `enable_prompts requesting mode stdout and pae as False
2026-07-09T01:47:11.205919+00:00 DEBUG 'ansible_navigator.main' Completed post processing for enable_prompts. (changed=False)
2026-07-09T01:47:11.205934+00:00 DEBUG 'ansible_navigator.main' Completed post processing for execution_environment. (changed=False)
2026-07-09T01:47:11.205946+00:00 DEBUG 'ansible_navigator.main' Completed post processing for execution_environment_image. (changed=False)
2026-07-09T01:47:11.205954+00:00 DEBUG 'ansible_navigator.main' Completed post processing for help_builder. (changed=False)
2026-07-09T01:47:11.205962+00:00 DEBUG 'ansible_navigator.main' Completed post processing for help_config. (changed=False)
2026-07-09T01:47:11.205970+00:00 DEBUG 'ansible_navigator.main' Completed post processing for help_doc. (changed=False)
2026-07-09T01:47:11.205978+00:00 DEBUG 'ansible_navigator.main' Completed post processing for help_inventory. (changed=False)
2026-07-09T01:47:11.205986+00:00 DEBUG 'ansible_navigator.main' Completed post processing for help_playbook. (changed=False)
2026-07-09T01:47:11.205993+00:00 DEBUG 'ansible_navigator.main' Completed post processing for images_details. (changed=False)
2026-07-09T01:47:11.206001+00:00 DEBUG 'ansible_navigator.main' Completed post processing for inventory. (changed=False)
2026-07-09T01:47:11.206008+00:00 DEBUG 'ansible_navigator.main' Completed post processing for inventory_column. (changed=False)
2026-07-09T01:47:11.206016+00:00 DEBUG 'ansible_navigator.main' Completed post processing for log_file. (changed=False)
2026-07-09T01:47:11.206078+00:00 DEBUG 'ansible_navigator.main' Completed post processing for pass_environment_variable. (changed=False)
2026-07-09T01:47:11.206094+00:00 DEBUG 'ansible_navigator.main' Completed post processing for playbook. (changed=False)
2026-07-09T01:47:11.206102+00:00 DEBUG 'ansible_navigator.main' Completed post processing for playbook_artifact_replay. (changed=False)
2026-07-09T01:47:11.206110+00:00 DEBUG 'ansible_navigator.main' Completed post processing for playbook_artifact_save_as. (changed=False)
2026-07-09T01:47:11.206118+00:00 DEBUG 'ansible_navigator.main' Completed post processing for plugin_name. (changed=False)
2026-07-09T01:47:11.206126+00:00 DEBUG 'ansible_navigator.main' Completed post processing for pull_arguments. (changed=False)
2026-07-09T01:47:11.206134+00:00 DEBUG 'ansible_navigator.main' Completed post processing for set_environment_variable. (changed=False)
2026-07-09T01:47:11.206141+00:00 DEBUG 'ansible_navigator.main' Completed post processing for settings_effective. (changed=False)
2026-07-09T01:47:11.206149+00:00 DEBUG 'ansible_navigator.main' Completed post processing for settings_sample. (changed=False)
2026-07-09T01:47:11.206157+00:00 DEBUG 'ansible_navigator.main' Completed post processing for settings_schema. (changed=False)
2026-07-09T01:47:11.206165+00:00 DEBUG 'ansible_navigator.main' Completed post processing for settings_sources. (changed=False)
2026-07-09T01:47:11.206173+00:00 DEBUG 'ansible_navigator.main' Completed post processing for time_zone. (changed=False)
2026-07-09T01:47:11.206181+00:00 DEBUG 'ansible_navigator.main' Completed post processing for execution_environment_volume_mounts. (changed=False)
2026-07-09T01:47:11.206189+00:00 INFO 'ansible_navigator.main' Parameter 'enable_prompts' required mode 'stdout'.
2026-07-09T01:47:11.206197+00:00 INFO 'ansible_navigator.main' Mode will be set to 'stdout'
2026-07-09T01:47:11.206205+00:00 DEBUG 'ansible_navigator.main' Completed post processing for mode. (changed=True)
2026-07-09T01:47:11.206212+00:00 DEBUG 'ansible_navigator.main'  before: 'interactive'
2026-07-09T01:47:11.206220+00:00 DEBUG 'ansible_navigator.main'  after: 'stdout'
2026-07-09T01:47:11.206230+00:00 INFO 'ansible_navigator.main' Parameter 'enable_prompts' required pae 'False'.
2026-07-09T01:47:11.206238+00:00 INFO 'ansible_navigator.main' Pae will be set to 'False'
2026-07-09T01:47:11.206246+00:00 DEBUG 'ansible_navigator.main' Completed post processing for playbook_artifact_enable. (changed=True)
2026-07-09T01:47:11.206254+00:00 DEBUG 'ansible_navigator.main'  before: 'True'
2026-07-09T01:47:11.206261+00:00 DEBUG 'ansible_navigator.main'  after: 'False'
2026-07-09T01:47:11.206269+00:00 DEBUG 'ansible_navigator.main' Collection doc cache not mounted
2026-07-09T01:47:11.206277+00:00 DEBUG 'ansible_navigator.main' Collection doc cache: 'path' is '/home/ansible/.cache/ansible-navigator/collection_doc_cache.db'
2026-07-09T01:47:11.206285+00:00 DEBUG 'ansible_navigator.main' Collection doc cache: 'current version' is '1.1'
2026-07-09T01:47:11.206292+00:00 DEBUG 'ansible_navigator.main' Collection doc cache not attached to args.internals
2026-07-09T01:47:11.206301+00:00 DEBUG 'ansible_navigator.main' Running with ansible_runner_artifact_dir as 'Not set' (Constants/Not set)
2026-07-09T01:47:11.206308+00:00 DEBUG 'ansible_navigator.main' Running with ansible_runner_rotate_artifacts_count as 'Not set' (Constants/Not set)
2026-07-09T01:47:11.206316+00:00 DEBUG 'ansible_navigator.main' Running with ansible_runner_timeout as 'Not set' (Constants/Not set)
2026-07-09T01:47:11.206324+00:00 DEBUG 'ansible_navigator.main' Running with ansible_runner_write_job_events as 'False' (bool/Defaults)
2026-07-09T01:47:11.206332+00:00 DEBUG 'ansible_navigator.main' Running with app as 'welcome' (str/Defaults)
2026-07-09T01:47:11.206340+00:00 DEBUG 'ansible_navigator.main' Running with cmdline as 'Not set' (Constants/Not set)
2026-07-09T01:47:11.206347+00:00 DEBUG 'ansible_navigator.main' Running with collection_doc_cache_path as '/home/ansible/.cache/ansible-navigator/collection_doc_cache.db' (str/Defaults)
2026-07-09T01:47:11.206356+00:00 DEBUG 'ansible_navigator.main' Running with config as 'Not set' (Constants/Not set)
2026-07-09T01:47:11.206363+00:00 DEBUG 'ansible_navigator.main' Running with container_engine as 'podman' (str/Automatically determined)
2026-07-09T01:47:11.206371+00:00 DEBUG 'ansible_navigator.main' Running with container_options as 'Not set' (Constants/Not set)
2026-07-09T01:47:11.206378+00:00 DEBUG 'ansible_navigator.main' Running with display_color as 'True' (bool/Defaults)
2026-07-09T01:47:11.206386+00:00 DEBUG 'ansible_navigator.main' Running with editor_command as 'vi +{line_number} {filename}' (str/Defaults)
2026-07-09T01:47:11.206393+00:00 DEBUG 'ansible_navigator.main' Running with editor_console as 'True' (bool/Defaults)
2026-07-09T01:47:11.206401+00:00 DEBUG 'ansible_navigator.main' Running with enable_prompts as 'True' (bool/Settings file)
2026-07-09T01:47:11.206409+00:00 DEBUG 'ansible_navigator.main' Running with exec_command as '/bin/bash' (str/Defaults)
2026-07-09T01:47:11.206416+00:00 DEBUG 'ansible_navigator.main' Running with exec_shell as 'True' (bool/Defaults)
2026-07-09T01:47:11.206424+00:00 DEBUG 'ansible_navigator.main' Running with execution_environment as 'True' (bool/Defaults)
2026-07-09T01:47:11.206431+00:00 DEBUG 'ansible_navigator.main' Running with execution_environment_image as 'registry.redhat.io/ansible-automation-platform-26/ee-supported-rhel9:latest' (str/Settings file)
2026-07-09T01:47:11.206439+00:00 DEBUG 'ansible_navigator.main' Running with execution_environment_volume_mounts as 'Not set' (Constants/Not set)
2026-07-09T01:47:11.206447+00:00 DEBUG 'ansible_navigator.main' Running with format as 'yaml' (str/Defaults)
2026-07-09T01:47:11.206455+00:00 DEBUG 'ansible_navigator.main' Running with help_builder as 'False' (bool/Defaults)
2026-07-09T01:47:11.206463+00:00 DEBUG 'ansible_navigator.main' Running with help_config as 'False' (bool/Defaults)
2026-07-09T01:47:11.206470+00:00 DEBUG 'ansible_navigator.main' Running with help_doc as 'False' (bool/Defaults)
2026-07-09T01:47:11.206478+00:00 DEBUG 'ansible_navigator.main' Running with help_inventory as 'False' (bool/Defaults)
2026-07-09T01:47:11.206486+00:00 DEBUG 'ansible_navigator.main' Running with help_playbook as 'False' (bool/Defaults)
2026-07-09T01:47:11.206495+00:00 DEBUG 'ansible_navigator.main' Running with images_details as '['everything']' (list/Defaults)
2026-07-09T01:47:11.206503+00:00 DEBUG 'ansible_navigator.main' Running with inventory as 'Not set' (Constants/Not set)
2026-07-09T01:47:11.206510+00:00 DEBUG 'ansible_navigator.main' Running with inventory_column as 'Not set' (Constants/Not set)
2026-07-09T01:47:11.206518+00:00 DEBUG 'ansible_navigator.main' Running with lint_config as 'Not set' (Constants/Not set)
2026-07-09T01:47:11.206526+00:00 DEBUG 'ansible_navigator.main' Running with lintables as 'Not set' (Constants/Not set)
2026-07-09T01:47:11.206534+00:00 DEBUG 'ansible_navigator.main' Running with log_append as 'False' (bool/Settings file)
2026-07-09T01:47:11.206541+00:00 DEBUG 'ansible_navigator.main' Running with log_file as '/home/ansible/Documents/rhce/ansible-navigator.log' (str/Defaults)
2026-07-09T01:47:11.206549+00:00 DEBUG 'ansible_navigator.main' Running with log_level as 'debug' (str/Settings file)
2026-07-09T01:47:11.206556+00:00 DEBUG 'ansible_navigator.main' Running with mode as 'stdout' (str/Automatically determined)
2026-07-09T01:47:11.206564+00:00 DEBUG 'ansible_navigator.main' Running with osc4 as 'True' (bool/Defaults)
2026-07-09T01:47:11.206572+00:00 DEBUG 'ansible_navigator.main' Running with pass_environment_variable as 'Not set' (Constants/Not set)
2026-07-09T01:47:11.206579+00:00 DEBUG 'ansible_navigator.main' Running with playbook as 'Not set' (Constants/Not set)
2026-07-09T01:47:11.206587+00:00 DEBUG 'ansible_navigator.main' Running with playbook_artifact_enable as 'False' (bool/Defaults)
2026-07-09T01:47:11.206595+00:00 DEBUG 'ansible_navigator.main' Running with playbook_artifact_replay as 'Not set' (Constants/Not set)
2026-07-09T01:47:11.206603+00:00 DEBUG 'ansible_navigator.main' Running with playbook_artifact_save_as as '{playbook_dir}/{playbook_name}-artifact-{time_stamp}.json' (str/Defaults)
2026-07-09T01:47:11.206610+00:00 DEBUG 'ansible_navigator.main' Running with plugin_name as 'Not set' (Constants/Not set)
2026-07-09T01:47:11.206618+00:00 DEBUG 'ansible_navigator.main' Running with plugin_type as 'module' (str/Defaults)
2026-07-09T01:47:11.206625+00:00 DEBUG 'ansible_navigator.main' Running with pull_arguments as 'Not set' (Constants/Not set)
2026-07-09T01:47:11.206633+00:00 DEBUG 'ansible_navigator.main' Running with pull_policy as 'missing' (str/Settings file)
2026-07-09T01:47:11.206641+00:00 DEBUG 'ansible_navigator.main' Running with set_environment_variable as 'Not set' (Constants/Not set)
2026-07-09T01:47:11.206649+00:00 DEBUG 'ansible_navigator.main' Running with settings_effective as 'False' (bool/Defaults)
2026-07-09T01:47:11.206656+00:00 DEBUG 'ansible_navigator.main' Running with settings_sample as 'False' (bool/Defaults)
2026-07-09T01:47:11.206664+00:00 DEBUG 'ansible_navigator.main' Running with settings_schema as 'json' (str/Defaults)
2026-07-09T01:47:11.206672+00:00 DEBUG 'ansible_navigator.main' Running with settings_sources as 'False' (bool/Defaults)
2026-07-09T01:47:11.206679+00:00 DEBUG 'ansible_navigator.main' Running with time_zone as 'UTC' (str/Defaults)
2026-07-09T01:47:11.206687+00:00 DEBUG 'ansible_navigator.main' Running with workdir as '/home/ansible/Documents/rhce' (str/Defaults)
2026-07-09T01:47:11.206745+00:00 INFO 'ansible_navigator.image_manager.puller._log_message' Image tag is: latest
2026-07-09T01:47:11.206777+00:00 DEBUG 'ansible_navigator.image_manager.puller._log_message' Command: podman image inspect registry.redhat.io/ansible-automation-platform-26/ee-supported-rhel9:latest
2026-07-09T01:47:11.264746+00:00 DEBUG 'ansible_navigator.cache_scripts' No update required for /usr/lib/python3.12/site-packages/ansible_navigator/data/catalog_collections.py to /home/ansible/.cache/ansible-navigator/catalog_collections.py
2026-07-09T01:47:11.264902+00:00 DEBUG 'ansible_navigator.cache_scripts' No update required for /usr/lib/python3.12/site-packages/ansible_navigator/data/image_introspect.py to /home/ansible/.cache/ansible-navigator/image_introspect.py
2026-07-09T01:47:11.265011+00:00 DEBUG 'ansible_navigator.cache_scripts' No update required for /usr/lib/python3.12/site-packages/ansible_navigator/data/python_latest.sh to /home/ansible/.cache/ansible-navigator/python_latest.sh
